BL51 BANKED LINKER/LOCATER V6.22.2.0                                                    05/19/2025  12:08:03  PAGE 1


BL51 BANKED LINKER/LOCATER V6.22.2.0, INVOKED BY:
D:\KEIL_V5\C51\BIN\BL51.EXE .\Objects\main.obj, .\Objects\DHT11.obj, .\Objects\LCD1602.obj TO .\Objects\test PRINT (.\Li
>> stings\test.m51) RAMSIZE (256)


MEMORY MODEL: SMALL


INPUT MODULES INCLUDED:
  .\Objects\main.obj (MAIN)
  .\Objects\DHT11.obj (DHT11)
  .\Objects\LCD1602.obj (LCD1602)
  D:\KEIL_V5\C51\LIB\C51S.LIB (?C_STARTUP)
  D:\KEIL_V5\C51\LIB\C51S.LIB (?C?CLDOPTR)
  D:\KEIL_V5\C51\LIB\C51S.LIB (?C?IMUL)
  D:\KEIL_V5\C51\LIB\C51S.LIB (?C?UIDIV)
  D:\KEIL_V5\C51\LIB\C51S.LIB (?C?ISTPTR)


LINK MAP OF MODULE:  .\Objects\test (MAIN)


            TYPE    BASE      LENGTH    RELOCATION   SEGMENT NAME
            -----------------------------------------------------

            * * * * * * *   D A T A   M E M O R Y   * * * * * * *
            REG     0000H     0008H     ABSOLUTE     "REG BANK 0"
            DATA    0008H     000DH     UNIT         _DATA_GROUP_
            DATA    0015H     0007H     UNIT         ?DT?_LCD_SHOWSIGNEDNUM?LCD1602
            DATA    001CH     0005H     UNIT         ?DT?_LCD_SHOWHEXNUM?LCD1602
            DATA    0021H     0005H     UNIT         ?DT?_LCD_SHOWBINNUM?LCD1602
            DATA    0026H     0004H     UNIT         ?DT?MAIN
            IDATA   002AH     0001H     UNIT         ?STACK

            * * * * * * *   C O D E   M E M O R Y   * * * * * * *
            CODE    0000H     0003H     ABSOLUTE     
            CODE    0003H     00B3H     UNIT         ?C?LIB_CODE
            CODE    00B6H     0088H     UNIT         ?PR?_DHT11_GET_TEMP_HUMI_VALUE?DHT11
            CODE    013EH     0054H     UNIT         ?PR?MAIN?MAIN
            CODE    0192H     004BH     UNIT         ?PR?_LCD_SHOWHEXNUM?LCD1602
            CODE    01DDH     004AH     UNIT         ?PR?_LCD_SHOWSIGNEDNUM?LCD1602
            CODE    0227H     003DH     UNIT         ?PR?_LCD_SHOWBINNUM?LCD1602
            CODE    0264H     003AH     UNIT         ?PR?DHT11_READ_BYTE?DHT11
            CODE    029EH     0031H     UNIT         ?PR?_LCD_POW?LCD1602
            CODE    02CFH     0024H     UNIT         ?PR?_LCD_SHOWNUM?LCD1602
            CODE    02F3H     0023H     UNIT         ?PR?_LCD_SHOWSTRING?LCD1602
            CODE    0316H     001FH     UNIT         ?PR?_DELAYMS?DHT11
            CODE    0335H     001EH     UNIT         ?PR?_LCD_WRITEDATA?LCD1602
            CODE    0353H     001EH     UNIT         ?PR?_LCD_SETCURSOR?LCD1602
            CODE    0371H     0014H     UNIT         ?PR?LCD_INIT?LCD1602
            CODE    0385H     000FH     UNIT         ?PR?LCD_DELAY?LCD1602
            CODE    0394H     000CH     UNIT         ?CO?MAIN
            CODE    03A0H     000CH     UNIT         ?C_C51STARTUP
            CODE    03ACH     000BH     UNIT         ?PR?_DELAY_DHT11?DHT11
            CODE    03B7H     000AH     UNIT         ?PR?_LCD_WRITECOMMAND?LCD1602
            CODE    03C1H     000AH     UNIT         ?PR?_LCD_SHOWCHAR?LCD1602


BL51 BANKED LINKER/LOCATER V6.22.2.0                                                  05/19/2025  12:08:03  PAGE 2



OVERLAY MAP OF MODULE:   .\Objects\test (MAIN)


SEGMENT                                        DATA_GROUP 
  +--> CALLED SEGMENT                        START    LENGTH
------------------------------------------------------------
?C_C51STARTUP                                -----    -----
  +--> ?PR?MAIN?MAIN

?PR?MAIN?MAIN                                -----    -----
  +--> ?PR?LCD_INIT?LCD1602
  +--> ?PR?_DHT11_GET_TEMP_HUMI_VALUE?DHT11
  +--> ?CO?MAIN
  +--> ?PR?_LCD_SHOWSTRING?LCD1602
  +--> ?PR?_LCD_SHOWNUM?LCD1602
  +--> ?PR?_DELAYMS?DHT11

?PR?LCD_INIT?LCD1602                         -----    -----
  +--> ?PR?_LCD_WRITECOMMAND?LCD1602

?PR?_LCD_WRITECOMMAND?LCD1602                -----    -----
  +--> ?PR?LCD_DELAY?LCD1602

?PR?_DHT11_GET_TEMP_HUMI_VALUE?DHT11         0008H    000BH
  +--> ?PR?_DELAYMS?DHT11
  +--> ?PR?_DELAY_DHT11?DHT11
  +--> ?PR?DHT11_READ_BYTE?DHT11

?PR?_DELAYMS?DHT11                           0013H    0002H

?PR?DHT11_READ_BYTE?DHT11                    -----    -----
  +--> ?PR?_DELAY_DHT11?DHT11

?PR?_LCD_SHOWSTRING?LCD1602                  0008H    0003H
  +--> ?PR?_LCD_SETCURSOR?LCD1602
  +--> ?PR?_LCD_WRITEDATA?LCD1602

?PR?_LCD_SETCURSOR?LCD1602                   -----    -----
  +--> ?PR?_LCD_WRITECOMMAND?LCD1602

?PR?_LCD_WRITEDATA?LCD1602                   -----    -----
  +--> ?PR?LCD_DELAY?LCD1602

?PR?_LCD_SHOWNUM?LCD1602                     0008H    0005H
  +--> ?PR?_LCD_SETCURSOR?LCD1602
  +--> ?PR?_LCD_POW?LCD1602
  +--> ?PR?_LCD_WRITEDATA?LCD1602

?PR?_LCD_POW?LCD1602                         000DH    0004H



SYMBOL TABLE OF MODULE:  .\Objects\test (MAIN)

  VALUE           TYPE          NAME
  ----------------------------------
BL51 BANKED LINKER/LOCATER V6.22.2.0                                                  05/19/2025  12:08:03  PAGE 3



  -------         MODULE        MAIN
  C:0000H         SYMBOL        _ICE_DUMMY_
  D:00A0H         PUBLIC        P2
  C:013EH         PUBLIC        main
  D:0026H         PUBLIC        humi
  D:0028H         PUBLIC        temp
  -------         PROC          MAIN
  C:013EH         LINE#         7
  C:013EH         LINE#         8
  C:013EH         LINE#         9
  C:0141H         LINE#         10
  C:0141H         LINE#         11
  C:0141H         LINE#         12
  C:0153H         LINE#         13
  C:0160H         LINE#         14
  C:016EH         LINE#         15
  C:017BH         LINE#         16
  C:0189H         LINE#         17
  C:0190H         LINE#         18
  -------         ENDPROC       MAIN
  -------         ENDMOD        MAIN

  -------         MODULE        DHT11
  C:0000H         SYMBOL        _ICE_DUMMY_
  D:00A0H         PUBLIC        P2
  B:00A0H.0       PUBLIC        DHT11_DQ_OUT
  C:03ACH         PUBLIC        _delay_dht11
  C:0264H         PUBLIC        DHT11_Read_Byte
  C:0316H         PUBLIC        _Delayms
  C:00B6H         PUBLIC        _Dht11_Get_Temp_Humi_Value
  -------         PROC          _DELAY_DHT11
  D:0006H         SYMBOL        t
  C:03ACH         LINE#         4
  C:03ACH         LINE#         5
  C:03ACH         LINE#         6
  C:03B6H         LINE#         7
  -------         ENDPROC       _DELAY_DHT11
  -------         PROC          _DELAYMS
  D:0006H         SYMBOL        xms
  -------         DO            
  D:0004H         SYMBOL        k
  -------         DO            
  D:0013H         SYMBOL        i
  D:0014H         SYMBOL        j
  -------         ENDDO         
  -------         ENDDO         
  C:0316H         LINE#         9
  C:0316H         LINE#         10
  C:0316H         LINE#         12
  C:0320H         LINE#         13
  C:0320H         LINE#         15
  C:0321H         LINE#         16
  C:0324H         LINE#         17
  C:0327H         LINE#         19
  C:0327H         LINE#         20
  C:032AH         LINE#         21
BL51 BANKED LINKER/LOCATER V6.22.2.0                                                  05/19/2025  12:08:03  PAGE 4


  C:032DH         LINE#         22
  C:0334H         LINE#         23
  -------         ENDPROC       _DELAYMS
  -------         PROC          DHT11_READ_BYTE
  -------         DO            
  D:0003H         SYMBOL        i
  D:0007H         SYMBOL        retry
  D:0005H         SYMBOL        dat
  -------         ENDDO         
  C:0264H         LINE#         25
  C:0264H         LINE#         26
  C:0264H         LINE#         27
  C:0266H         LINE#         28
  C:0271H         LINE#         29
  C:0271H         LINE#         30
  C:0275H         LINE#         32
  C:0278H         LINE#         33
  C:027FH         LINE#         34
  C:0282H         LINE#         35
  C:0285H         LINE#         37
  C:0287H         LINE#         38
  C:0294H         LINE#         39
  C:0294H         LINE#         40
  C:0295H         LINE#         41
  C:0296H         LINE#         42
  C:0298H         LINE#         43
  C:029BH         LINE#         44
  C:029DH         LINE#         45
  -------         ENDPROC       DHT11_READ_BYTE
  -------         PROC          _DHT11_GET_TEMP_HUMI_VALUE
  D:0008H         SYMBOL        temp
  D:000BH         SYMBOL        humi
  -------         DO            
  D:000EH         SYMBOL        buf
  D:0002H         SYMBOL        i
  -------         ENDDO         
  C:00B6H         LINE#         52
  C:00BCH         LINE#         53
  C:00BCH         LINE#         57
  C:00BEH         LINE#         58
  C:00C5H         LINE#         59
  C:00C7H         LINE#         60
  C:00CCH         LINE#         62
  C:00CFH         LINE#         63
  C:00CFH         LINE#         64
  C:00D2H         LINE#         65
  C:00D5H         LINE#         66
  C:00E1H         LINE#         67
  C:00E1H         LINE#         68
  C:00EAH         LINE#         69
  C:00EDH         LINE#         70
  C:0110H         LINE#         71
  C:0110H         LINE#         72
  C:0121H         LINE#         73
  C:0133H         LINE#         74
  C:0135H         LINE#         76
  C:0138H         LINE#         77
BL51 BANKED LINKER/LOCATER V6.22.2.0                                                  05/19/2025  12:08:03  PAGE 5


  C:0138H         LINE#         79
  C:013BH         LINE#         80
  C:013DH         LINE#         81
  -------         ENDPROC       _DHT11_GET_TEMP_HUMI_VALUE
  -------         ENDMOD        DHT11

  -------         MODULE        LCD1602
  C:0000H         SYMBOL        _ICE_DUMMY_
  D:0080H         PUBLIC        P0
  D:00A0H         PUBLIC        P2
  C:03B7H         PUBLIC        _LCD_WriteCommand
  C:02CFH         PUBLIC        _LCD_ShowNum
  C:0227H         PUBLIC        _LCD_ShowBinNum
  C:038BH         PUBLIC        LCD_Delay
  C:0192H         PUBLIC        _LCD_ShowHexNum
  C:0349H         PUBLIC        _LCD_WriteData
  B:00A0H.7       PUBLIC        LCD_EN
  C:0371H         PUBLIC        LCD_Init
  C:02F3H         PUBLIC        _LCD_ShowString
  C:03C1H         PUBLIC        _LCD_ShowChar
  B:00A0H.6       PUBLIC        LCD_RS
  B:00A0H.5       PUBLIC        LCD_RW
  C:0353H         PUBLIC        _LCD_SetCursor
  C:01DDH         PUBLIC        _LCD_ShowSignedNum
  C:02A8H         PUBLIC        _LCD_Pow
  -------         PROC          L?0047
  -------         ENDPROC       L?0047
  -------         PROC          LCD_DELAY
  -------         DO            
  D:0007H         SYMBOL        i
  D:0006H         SYMBOL        j
  -------         ENDDO         
  C:038BH         LINE#         15
  C:038BH         LINE#         16
  C:038BH         LINE#         19
  C:038DH         LINE#         20
  C:038FH         LINE#         22
  C:038FH         LINE#         23
  C:0391H         LINE#         24
  C:0393H         LINE#         25
  -------         ENDPROC       LCD_DELAY
  -------         PROC          _LCD_WRITECOMMAND
  D:0007H         SYMBOL        Command
  C:03B7H         LINE#         32
  C:03B7H         LINE#         33
  C:03B7H         LINE#         34
  C:03B9H         LINE#         35
  C:03B9H         LINE#         36
  C:03B9H         LINE#         37
  C:03B9H         LINE#         38
  C:03BCH         LINE#         39
  C:03BEH         LINE#         40
  -------         ENDPROC       _LCD_WRITECOMMAND
  -------         PROC          L?0045
  -------         ENDPROC       L?0045
  -------         PROC          _LCD_WRITEDATA
  D:0007H         SYMBOL        Data
BL51 BANKED LINKER/LOCATER V6.22.2.0                                                  05/19/2025  12:08:03  PAGE 6


  C:0349H         LINE#         48
  C:0349H         LINE#         49
  C:0349H         LINE#         50
  C:034BH         LINE#         51
  C:034BH         LINE#         52
  C:034BH         LINE#         53
  C:034BH         LINE#         54
  C:034EH         LINE#         55
  C:0350H         LINE#         56
  -------         ENDPROC       _LCD_WRITEDATA
  -------         PROC          _LCD_SETCURSOR
  D:0006H         SYMBOL        Line
  D:0005H         SYMBOL        Column
  C:0353H         LINE#         65
  C:0355H         LINE#         66
  C:0355H         LINE#         67
  C:035DH         LINE#         68
  C:035DH         LINE#         69
  C:035FH         LINE#         70
  C:0361H         LINE#         71
  C:0367H         LINE#         72
  C:0367H         LINE#         73
  C:0370H         LINE#         74
  C:0370H         LINE#         75
  -------         ENDPROC       _LCD_SETCURSOR
  -------         PROC          LCD_INIT
  C:0371H         LINE#         82
  C:0371H         LINE#         83
  C:0371H         LINE#         84
  C:0376H         LINE#         85
  C:037BH         LINE#         86
  C:0380H         LINE#         87
  -------         ENDPROC       LCD_INIT
  -------         PROC          _LCD_SHOWCHAR
  D:0006H         SYMBOL        Line
  D:0005H         SYMBOL        Column
  D:0004H         SYMBOL        Char
  C:03C1H         LINE#         97
  C:03C3H         LINE#         98
  C:03C3H         LINE#         99
  C:03C6H         LINE#         100
  -------         ENDPROC       _LCD_SHOWCHAR
  -------         PROC          _LCD_SHOWSTRING
  D:0007H         SYMBOL        Line
  D:0005H         SYMBOL        Column
  D:0008H         SYMBOL        String
  -------         DO            
  D:0005H         SYMBOL        i
  -------         ENDDO         
  C:02F3H         LINE#         110
  C:02F9H         LINE#         111
  C:02F9H         LINE#         113
  C:02FCH         LINE#         114
  C:030FH         LINE#         115
  C:030FH         LINE#         116
  C:0312H         LINE#         117
  C:0315H         LINE#         118
BL51 BANKED LINKER/LOCATER V6.22.2.0                                                  05/19/2025  12:08:03  PAGE 7


  -------         ENDPROC       _LCD_SHOWSTRING
  -------         PROC          L?0046
  -------         ENDPROC       L?0046
  -------         PROC          _LCD_POW
  D:000DH         SYMBOL        X
  D:000FH         SYMBOL        Y
  -------         DO            
  D:0003H         SYMBOL        i
  D:0006H         SYMBOL        Result
  -------         ENDDO         
  C:02A8H         LINE#         123
  C:02B0H         LINE#         124
  C:02B0H         LINE#         126
  C:02B4H         LINE#         127
  C:02C4H         LINE#         128
  C:02C4H         LINE#         129
  C:02CBH         LINE#         130
  C:02CEH         LINE#         131
  C:02CEH         LINE#         132
  -------         ENDPROC       _LCD_POW
  -------         PROC          _LCD_SHOWNUM
  D:0007H         SYMBOL        Line
  D:0005H         SYMBOL        Column
  D:000AH         SYMBOL        Number
  D:000CH         SYMBOL        Length
  -------         DO            
  D:0002H         SYMBOL        i
  -------         ENDDO         
  C:02CFH         LINE#         142
  C:02D3H         LINE#         143
  C:02D3H         LINE#         145
  C:02D6H         LINE#         146
  C:02E5H         LINE#         147
  C:02E5H         LINE#         148
  C:02EFH         LINE#         149
  C:02F2H         LINE#         150
  -------         ENDPROC       _LCD_SHOWNUM
  -------         PROC          _LCD_SHOWSIGNEDNUM
  D:0007H         SYMBOL        Line
  D:0005H         SYMBOL        Column
  D:0082H         SYMBOL        Number
  D:0019H         SYMBOL        Length
  -------         DO            
  D:0002H         SYMBOL        i
  D:001AH         SYMBOL        Number1
  -------         ENDDO         
  C:01DDH         LINE#         160
  C:01E1H         LINE#         161
  C:01E1H         LINE#         164
  C:01E4H         LINE#         165
  C:01EDH         LINE#         166
  C:01EDH         LINE#         167
  C:01F2H         LINE#         168
  C:01F8H         LINE#         169
  C:01FAH         LINE#         171
  C:01FAH         LINE#         172
  C:01FFH         LINE#         173
BL51 BANKED LINKER/LOCATER V6.22.2.0                                                  05/19/2025  12:08:03  PAGE 8


  C:020AH         LINE#         174
  C:020AH         LINE#         175
  C:0219H         LINE#         176
  C:0219H         LINE#         177
  C:0223H         LINE#         178
  C:0226H         LINE#         179
  -------         ENDPROC       _LCD_SHOWSIGNEDNUM
  -------         PROC          _LCD_SHOWHEXNUM
  D:0007H         SYMBOL        Line
  D:0005H         SYMBOL        Column
  D:001EH         SYMBOL        Number
  D:0020H         SYMBOL        Length
  -------         DO            
  D:0002H         SYMBOL        i
  D:0006H         SYMBOL        SingleNumber
  -------         ENDDO         
  C:0192H         LINE#         189
  C:0196H         LINE#         190
  C:0196H         LINE#         192
  C:0199H         LINE#         193
  C:01A5H         LINE#         194
  C:01A5H         LINE#         195
  C:01C5H         LINE#         196
  C:01CFH         LINE#         197
  C:01CFH         LINE#         198
  C:01D1H         LINE#         199
  C:01D3H         LINE#         201
  C:01D3H         LINE#         202
  C:01D9H         LINE#         203
  C:01D9H         LINE#         204
  C:01DCH         LINE#         205
  -------         ENDPROC       _LCD_SHOWHEXNUM
  -------         PROC          _LCD_SHOWBINNUM
  D:0007H         SYMBOL        Line
  D:0005H         SYMBOL        Column
  D:0023H         SYMBOL        Number
  D:0025H         SYMBOL        Length
  -------         DO            
  D:0002H         SYMBOL        i
  -------         ENDDO         
  C:0227H         LINE#         215
  C:022BH         LINE#         216
  C:022BH         LINE#         218
  C:022EH         LINE#         219
  C:023DH         LINE#         220
  C:023DH         LINE#         221
  C:0260H         LINE#         222
  C:0263H         LINE#         223
  -------         ENDPROC       _LCD_SHOWBINNUM
  -------         ENDMOD        LCD1602

  -------         MODULE        ?C?CLDOPTR
  C:0003H         PUBLIC        ?C?CLDOPTR
  -------         ENDMOD        ?C?CLDOPTR

  -------         MODULE        ?C?IMUL
  C:0030H         PUBLIC        ?C?IMUL
BL51 BANKED LINKER/LOCATER V6.22.2.0                                                  05/19/2025  12:08:03  PAGE 9


  -------         ENDMOD        ?C?IMUL

  -------         MODULE        ?C?UIDIV
  C:0042H         PUBLIC        ?C?UIDIV
  -------         ENDMOD        ?C?UIDIV

  -------         MODULE        ?C?ISTPTR
  C:0097H         PUBLIC        ?C?ISTPTR
  -------         ENDMOD        ?C?ISTPTR

*** WARNING L16: UNCALLED SEGMENT, IGNORED FOR OVERLAY PROCESS
    SEGMENT: ?PR?_LCD_SHOWCHAR?LCD1602

*** WARNING L16: UNCALLED SEGMENT, IGNORED FOR OVERLAY PROCESS
    SEGMENT: ?PR?_LCD_SHOWSIGNEDNUM?LCD1602

*** WARNING L16: UNCALLED SEGMENT, IGNORED FOR OVERLAY PROCESS
    SEGMENT: ?PR?_LCD_SHOWHEXNUM?LCD1602

*** WARNING L16: UNCALLED SEGMENT, IGNORED FOR OVERLAY PROCESS
    SEGMENT: ?PR?_LCD_SHOWBINNUM?LCD1602

Program Size: data=43.0 xdata=0 code=971
LINK/LOCATE RUN COMPLETE.  4 WARNING(S),  0 ERROR(S)
